// Jest Snapshot v1, https://goo.gl/fbAQLP

exports[`it renders 1`] = `
<div>
  <div>
    <div>
      Auction has ended
    </div>
  </div>
</div>
`;
